cargo :    Compiling analytics v0.1.0 
(C:\Users\u-adamu\Desktop\akargi\StrellerMinds-SmartContracts\contracts\analytics)
At line:1 char:1
+ cargo test -p analytics --lib 2>&1 > build_output.txt; Get-Content bu ...
+ ~~~~~~~~~~~~~~~~~~~~~~~~~~~~~~~~~~~~~~~~~~~~~~~~~~~~~
    + CategoryInfo          : NotSpecified: (   Compiling an...acts\analytics):String) [], RemoteEx 
   ception
    + FullyQualifiedErrorId : NativeCommandError
 
warning: unused import: `super::*`
 --> contracts\analytics\src\tests.rs:5:9
  |
5 |     use super::*;
  |         ^^^^^^^^
  |
  = note: `#[warn(unused_imports)]` (part of `#[warn(unused)]`) on by default

warning: unused import: `errors::AnalyticsError`
 --> contracts\analytics\src\tests.rs:7:9
  |
7 |         errors::AnalyticsError,
  |         ^^^^^^^^^^^^^^^^^^^^^^

warning: unused import: `super::*`
 --> contracts\analytics\src\integration_tests.rs:5:9
  |
5 |     use super::*;
  |         ^^^^^^^^

warning: unused imports: `AchievementType`, `AnalyticsFilter`, `LeaderboardMetric`, 
`OptionalSessionType`, `PerformanceTrend`, `ReportPeriod`, and `errors::AnalyticsError`
  --> contracts\analytics\src\integration_tests.rs:7:9
   |
 7 |         errors::AnalyticsError,
   |         ^^^^^^^^^^^^^^^^^^^^^^
 8 |         types::{
 9 |             AchievementType, AnalyticsConfig, AnalyticsFilter, DifficultyThresholds,
   |             ^^^^^^^^^^^^^^^                   ^^^^^^^^^^^^^^^
10 |             LeaderboardMetric, LearningSession, OptionalSessionType, PerformanceTrend,
   |             ^^^^^^^^^^^^^^^^^                   ^^^^^^^^^^^^^^^^^^^  ^^^^^^^^^^^^^^^^
11 |             ReportPeriod, SessionType,
   |             ^^^^^^^^^^^^

error[E0061]: this method takes 2 arguments but 1 argument was supplied
   --> contracts\analytics\src\tests.rs:130:29
    |
130 |         let result = client.try_get_student_sessions(&student);
    |                             ^^^^^^^^^^^^^^^^^^^^^^^^---------- argument #2 of type 
`&soroban_sdk::Symbol` is missing
    |
note: method defined here
   --> contracts\analytics\src\lib.rs:257:8
    |
257 |     fn get_student_sessions(env: Env, student: Address, course_id: Symbol) -> Vec<BytesN<32>> 
{
    |        ^^^^^^^^^^^^^^^^^^^^                             -----------------
help: provide the argument
    |
130 |         let result = client.try_get_student_sessions(&student, /* &soroban_sdk::Symbol */);
    |                                                              ++++++++++++++++++++++++++++

error[E0599]: no variant or associated item named `TotalTimeSpent` found for enum 
`LeaderboardMetric` in the current scope
   --> contracts\analytics\src\tests.rs:156:81
    |
156 |         let result = client.try_get_leaderboard(&course_id, 
&LeaderboardMetric::TotalTimeSpent, &10);
    |                                                                                 
^^^^^^^^^^^^^^ variant or associated item not found in `LeaderboardMetric`
    |
   ::: contracts\analytics\src\types.rs:176:1
    |
176 | pub enum LeaderboardMetric {
    | -------------------------- variant or associated item `TotalTimeSpent` not found for this enum

error[E0061]: this method takes 2 arguments but 3 arguments were supplied
   --> contracts\analytics\src\tests.rs:156:29
    |
156 |         let result = client.try_get_leaderboard(&course_id, 
&LeaderboardMetric::TotalTimeSpent, &10);
    |                             ^^^^^^^^^^^^^^^^^^^                                               
  --- unexpected argument #3 of type `&{integer}`
    |
note: method defined here
   --> contracts\analytics\src\lib.rs:349:8
    |
349 |     fn get_leaderboard(
    |        ^^^^^^^^^^^^^^^
help: remove the extra argument
    |
156 -         let result = client.try_get_leaderboard(&course_id, 
&LeaderboardMetric::TotalTimeSpent, &10);
156 +         let result = client.try_get_leaderboard(&course_id, 
&LeaderboardMetric::TotalTimeSpent);
    |

error[E0061]: this method takes 2 arguments but 1 argument was supplied
   --> contracts\analytics\src\tests.rs:177:29
    |
177 |         let result = client.try_update_config(&new_config);
    |                             ^^^^^^^^^^^^^^^^^ ----------- argument #1 of type 
`&soroban_sdk::Address` is missing
    |
note: method defined here
   --> contracts\analytics\src\lib.rs:368:8
    |
368 |     fn update_config(
    |        ^^^^^^^^^^^^^
369 |         env: Env,
370 |         admin: Address,
    |         --------------
help: provide the argument
    |
177 |         let result = client.try_update_config(/* &soroban_sdk::Address */, &new_config);
    |                                               ++++++++++++++++++++++++++++

error[E0061]: this method takes 2 arguments but 1 argument was supplied
   --> contracts\analytics\src\tests.rs:199:29
    |
199 |         let result = client.try_update_config(&new_config);
    |                             ^^^^^^^^^^^^^^^^^ ----------- argument #1 of type 
`&soroban_sdk::Address` is missing
    |
note: method defined here
   --> contracts\analytics\src\lib.rs:368:8
    |
368 |     fn update_config(
    |        ^^^^^^^^^^^^^
369 |         env: Env,
370 |         admin: Address,
    |         --------------
help: provide the argument
    |
199 |         let result = client.try_update_config(/* &soroban_sdk::Address */, &new_config);
    |                                               ++++++++++++++++++++++++++++

error[E0061]: this method takes 2 arguments but 1 argument was supplied
   --> contracts\analytics\src\tests.rs:209:29
    |
209 |         let result = client.try_transfer_admin(&new_admin);
    |                             ^^^^^^^^^^^^^^^^^^------------ argument #2 of type 
`&soroban_sdk::Address` is missing
    |
note: method defined here
   --> contracts\analytics\src\lib.rs:575:8
    |
575 |     fn transfer_admin(
    |        ^^^^^^^^^^^^^^
...
578 |         new_admin: Address,
    |         ------------------
help: provide the argument
    |
209 |         let result = client.try_transfer_admin(&new_admin, /* &soroban_sdk::Address */);
    |                                                          +++++++++++++++++++++++++++++

error[E0308]: mismatched types
    --> contracts\analytics\src\tests.rs:243:59
     |
 243 |             session.session_id = BytesN::from_array(&env, &[(i as u8) % 32]);
     |                                  ------------------       ^^^^^^^^^^^^^^^^^ expected an 
array with a size of 32, found one with a size of 1
     |                                  |
     |                                  arguments to this function are incorrect
     |
note: associated function defined here
    --> C:\Users\u-adamu\.cargo\registry\src\index.crates.io-1949cf8c6b5b557f\soroban-sdk-22.0.7\src
\bytes.rs:1130:12
     |
1130 |     pub fn from_array(env: &Env, items: &[u8; N]) -> BytesN<N> {
     |            ^^^^^^^^^^

error[E0599]: no variant or associated item named `LearningPattern` found for enum `InsightType` in 
the current scope
   --> contracts\analytics\src\tests.rs:300:88
    |
300 |         let result = client.try_request_ml_insight(&student, &course_id, 
&InsightType::LearningPattern);
    |                                                                                        
^^^^^^^^^^^^^^^ variant or associated item not found in `InsightType`
    |
   ::: contracts\analytics\src\types.rs:274:1
    |
274 | pub enum InsightType {
    | -------------------- variant or associated item `LearningPattern` not found for this enum

error[E0061]: this method takes 2 arguments but 1 argument was supplied
   --> contracts\analytics\src\integration_tests.rs:230:30
    |
230 |         let _result = client.try_update_config(&new_config);
    |                              ^^^^^^^^^^^^^^^^^ ----------- argument #1 of type 
`&soroban_sdk::Address` is missing
    |
note: method defined here
   --> contracts\analytics\src\lib.rs:368:8
    |
368 |     fn update_config(
    |        ^^^^^^^^^^^^^
369 |         env: Env,
370 |         admin: Address,
    |         --------------
help: provide the argument
    |
230 |         let _result = client.try_update_config(/* &soroban_sdk::Address */, &new_config);
    |                                                ++++++++++++++++++++++++++++

Some errors have detailed explanations: E0061, E0308, E0599.
For more information about an error, try `rustc --explain E0061`.
warning: `analytics` (lib test) generated 4 warnings
error: could not compile `analytics` (lib test) due to 9 previous errors; 4 warnings emitted
