cargo :    Compiling analytics v0.1.0 
(C:\Users\u-adamu\Desktop\akargi\StrellerMinds-SmartContracts\contracts\analytics)
At line:1 char:1
+ cargo test -p analytics --lib 2>&1 > test_output.txt; Get-Content tes ...
+ ~~~~~~~~~~~~~~~~~~~~~~~~~~~~~~~~~~~~~~~~~~~~~~~~~~~~
    + CategoryInfo          : NotSpecified: (   Compiling an...acts\analytics):String) [], RemoteEx 
   ception
    + FullyQualifiedErrorId : NativeCommandError
 
warning: unused import: `super::*`
 --> contracts\analytics\src\tests.rs:5:9
  |
5 |     use super::*;
  |         ^^^^^^^^
  |
  = note: `#[warn(unused_imports)]` (part of `#[warn(unused)]`) on by default

warning: unused import: `errors::AnalyticsError`
 --> contracts\analytics\src\tests.rs:7:9
  |
7 |         errors::AnalyticsError,
  |         ^^^^^^^^^^^^^^^^^^^^^^

warning: unused import: `super::*`
 --> contracts\analytics\src\integration_tests.rs:5:9
  |
5 |     use super::*;
  |         ^^^^^^^^

warning: unused imports: `AchievementType`, `AnalyticsFilter`, `LeaderboardMetric`, 
`OptionalSessionType`, `PerformanceTrend`, `ReportPeriod`, and `errors::AnalyticsError`
  --> contracts\analytics\src\integration_tests.rs:7:9
   |
 7 |         errors::AnalyticsError,
   |         ^^^^^^^^^^^^^^^^^^^^^^
 8 |         types::{
 9 |             AchievementType, AnalyticsConfig, AnalyticsFilter, DifficultyThresholds,
   |             ^^^^^^^^^^^^^^^                   ^^^^^^^^^^^^^^^
10 |             LeaderboardMetric, LearningSession, OptionalSessionType, PerformanceTrend,
   |             ^^^^^^^^^^^^^^^^^                   ^^^^^^^^^^^^^^^^^^^  ^^^^^^^^^^^^^^^^
11 |             ReportPeriod, SessionType,
   |             ^^^^^^^^^^^^

warning: variable does not need to be mutable
   --> contracts\analytics\src\tests.rs:127:17
    |
127 |             let mut bytes = [i as u8; 32];
    |                 ----^^^^^
    |                 |
    |                 help: remove this `mut`
    |
    = note: `#[warn(unused_mut)]` (part of `#[warn(unused)]`) on by default

warning: variable does not need to be mutable
   --> contracts\analytics\src\tests.rs:245:17
    |
245 |             let mut bytes = [(i as u8); 32];
    |                 ----^^^^^
    |                 |
    |                 help: remove this `mut`

warning: `analytics` (lib test) generated 6 warnings (run `cargo fix --lib -p analytics --tests` to 
apply 6 suggestions)
    Finished `test` profile [unoptimized + debuginfo] target(s) in 6.16s
     Running unittests src\lib.rs (target\debug\deps\analytics-519748b1d1b9d3a6.exe)

running 22 tests
test integration_tests::integration_tests::test_admin_operations_and_maintenance ... ok
test tests::analytics_tests::test_generate_leaderboard ... ok
test tests::analytics_tests::test_complete_session ... ok
test tests::analytics_tests::test_batch_session_update ... ok
test tests::analytics_tests::test_initialize_already_initialized ... ok
test tests::analytics_tests::test_initialize_analytics_contract ... ok
test tests::analytics_tests::test_generate_progress_report ... ok
test integration_tests::integration_tests::test_achievement_system_integration ... ok
test tests::analytics_tests::test_get_student_sessions ... ok
test integration_tests::integration_tests::test_complete_learning_journey ... ok
test tests::analytics_tests::test_unauthorized_config_update ... ok
test tests::analytics_tests::test_transfer_admin ... ok
test tests::analytics_tests::test_progress_analytics_calculation ... ok
test tests::analytics_tests::test_record_learning_session ... ok
test tests::analytics_tests::test_request_ml_insight ... FAILED
test tests::analytics_tests::test_update_config ... ok
test tests::analytics_tests::test_module_analytics_calculation ... ok
test integration_tests::integration_tests::test_time_based_analytics_and_trends ... ok
test integration_tests::integration_tests::test_multi_student_course_analytics ... ok
test integration_tests::integration_tests::test_filtered_analytics_queries ... ok
test tests::analytics_tests::test_batch_size_limit ... ok
test integration_tests::integration_tests::test_performance_comparison_and_insights ... ok

failures:

---- tests::analytics_tests::test_request_ml_insight stdout ----

thread 'tests::analytics_tests::test_request_ml_insight' (15200) panicked at contracts\analytics\src\tests.rs:304:9:
assertion failed: result.is_ok()
note: run with `RUST_BACKTRACE=1` environment variable to display a backtrace
Writing test snapshot file for test "tests::analytics_tests::test_request_ml_insight" to "test_snapshots\\tests\\analytics_tests\\test_request_ml_insight.1.json".


failures:
    tests::analytics_tests::test_request_ml_insight

test result: FAILED. 21 passed; 1 failed; 0 ignored; 0 measured; 0 filtered out; finished in 2.54s

error: test failed, to rerun pass `-p analytics --lib`
